mapname:Hell_to_paradise
maxx:101
maxy:500
maxz:500
tile:0:100:0:100:0:0:cave
tile:0:101:101:101:0:50:wallair
tile:101:101:0:100:0:50:wallair
amb:0:100:0:100:0:50:amb16.ogg
zone:0:100:0:100:0:500:Hell_to_paradise
tile:301:301:0:401:0:50:wallair
tile:101:101:102:500:0:50:wallair
tile:102:300:401:401:0:50:wallair
tile:301:301:402:500:0:50:wallair
zone:0:100:0:101:0:100:First Hell
zone:40:40:55:55:0:0:Press T to Continue
tile:101:101:0:500:0:100:wallchest
tile:0:101:101:101:0:100:wallchest
tile:102:301:400:400:0:100:wallchest
tile:301:301:0:500:0:100:wallchest
tile:500:500:0:500:0:100:wallchest
tile:301:500:500:500:0:100:wallchest
tile:40:40:55:55:0:0:concrete2
robots:0:100:0:100:0:0:2:1000:zombie,monster,mortal,bear,boar,wolf
noitems:0:100:0:100:0:100:elec_boat:police_motorcycle:police_car_super:nuclear_bomb:suicide_bomb:pipe_bomb:grenade:hand_grenade:stun_grenade:sound_grenade:wood:timebomb:motion_bomb:fire_starter:helicopter:guided_missile:missile_interseptor:stun_dart:fight_inviter
noitems:0:500:0:500:0:500:elec_boat:nuclear_bomb:suicide_bomb:pipe_bomb:grenade:hand_grenade:stun_grenade:sound_grenade:stone:wood:timebomb:motion_bomb:fire_starter:helicopter:guided_missile:missile_interseptor:stun_dart:fight_inviter
noitems:0:500:0:500:0:500:suicide_bomb
noitems:0:500:0:500:0:500:wirebomb:motion_bomb:mine:stun_dart:remote_timebomb:security_bomb:remote_gun:timebomb:warp_box:barricade_bomb:health_dart:suicide_bomb:mass_bomb:grenade:concussive_grenade:rocket_launcher,bottle_bomb:missile_interceptor:impact_bomb:aircraft:bomb_defuser:wood:guided_missile:tank:police_car:ultrabomb:tank:bottle_bomb:carrier_missile:bullet_bomb:stone:stun_grenade:sticky_bomb:censorbomb:stone:fire_starter:censor_bomb:nuclear_bomb
noitems:0:500:0:500:0:500:elecboat
noitems:0:500:0:500:0:500:hors:boat
noitems:0:500:0:500:0:500:tasing_small_projectile
noitems:0:500:0:500:0:500:bazooka
noitems:0:500:0:500:0:500:air_canister
noitems:0:500:0:500:0:500:m134_minigun
noitems:0:500:0:500:0:500:gas_mask
noitems:0:500:0:500:0:500:ml_Automatic_machinegun
noitems:0:500:0:500:0:500:ultrabomb
noitems:0:500:0:500:0:500:ultrabomb_silencer
noitems:0:500:0:500:0:500:Truck
noitems:0:100:0:100:0:100:frequency_scrambler