mapname:second_hell
maxx:300
maxy:300
maxz:500
tile:0:300:0:300:0:0:concrete12
zone:0:300:0:300:0:500:Second Hell
amb:0:300:0:300:0:500:amb.ogg
amb:0:300:0:300:0:500:amb7.ogg
amb:0:300:0:300:0:500:amb11.ogg
amb:0:300:0:300:0:500:background2.ogg
tile:300:300:0:300:0:500:wallchest
tile:0:300:300:300:0:500:wallchest
zone:100:100:50:50:0:0:Go Back to Safe Zone:trackme
travelpoint:100:100:50:50:0:0:main:0:0:0:Moved
zone:150:150:200:200:0:0:Press T to Continue
travelpoint:150:150:200:200:0:0:last_hell:0:0:0:Last Hell
robots:0:300:0:300:0:0:8:1000:gorilla,leopard,wolf,monster
noitems:0:300:0:300:0:500:elec_boat:police_motorcycle:police_car_super:nuclear_bomb:suicide_bomb:pipe_bomb:grenade:hand_grenade:stun_grenade:sound_grenade:wood:timebomb:motion_bomb:fire_starter:helicopter:guided_missile:missile_interseptor:stun_dart:fight_inviter
noitems:0:500:0:500:0:500:elec_boat:nuclear_bomb:suicide_bomb:pipe_bomb:grenade:hand_grenade:stun_grenade:sound_grenade:stone:wood:timebomb:motion_bomb:fire_starter:helicopter:guided_missile:missile_interseptor:stun_dart:fight_inviter
noitems:0:500:0:500:0:500:suicide_bomb
noitems:0:500:0:500:0:500:wirebomb:motion_bomb:mine:stun_dart:remote_timebomb:security_bomb:remote_gun:timebomb:warp_box:barricade_bomb:health_dart:suicide_bomb:mass_bomb:grenade:concussive_grenade:rocket_launcher,bottle_bomb:missile_interceptor:impact_bomb:aircraft:bomb_defuser:wood:guided_missile:tank:police_car:ultrabomb:tank:bottle_bomb:carrier_missile:bullet_bomb:stone:stun_grenade:sticky_bomb:censorbomb:stone:fire_starter:censor_bomb:nuclear_bomb
noitems:0:500:0:500:0:500:elecboat
noitems:0:500:0:500:0:500:hors:boat
noitems:0:500:0:500:0:500:tasing_small_projectile
noitems:0:500:0:500:0:500:small_projectile
tile:150:150:200:200:0:0:concrete6
noitems:0:500:0:500:0:500:elec_boat:nuclear_bomb:suicide_bomb:pipe_bomb:grenade:hand_grenade:stun_grenade:sound_grenade:stone:wood:timebomb:motion_bomb:fire_starter:helicopter:guided_missile:missile_interseptor:stun_dart:fight_inviter
noitems:0:500:0:500:0:500:suicide_bomb
noitems:0:500:0:500:0:500:wirebomb:motion_bomb:mine:stun_dart:remote_timebomb:security_bomb:remote_gun:timebomb:warp_box:barricade_bomb:health_dart:suicide_bomb:mass_bomb:grenade:concussive_grenade:rocket_launcher,bottle_bomb:missile_interceptor:impact_bomb:aircraft:bomb_defuser:wood:guided_missile:tank:police_car:ultrabomb:tank:bottle_bomb:carrier_missile:bullet_bomb:stone:stun_grenade:sticky_bomb:censorbomb:stone:fire_starter:censor_bomb:nuclear_bomb
noitems:0:500:0:500:0:500:elecboat
noitems:0:500:0:500:0:500:hors:boat
noitems:0:500:0:500:0:500:tasing_small_projectile
noitems:0:500:0:500:0:500:bazooka
noitems:0:500:0:500:0:500:air_canister
noitems:0:500:0:500:0:500:m134_minigun
noitems:0:500:0:500:0:500:gas_mask
noitems:0:500:0:500:0:500:ml_Automatic_machinegun
noitems:0:500:0:500:0:500:ultrabomb
noitems:0:500:0:500:0:500:ultrabomb_silencer

noitems:0:500:0:500:0:500:Truck
noitems:0:500:0:500:0:500:dogan_slx
noitems:0:500:0:500:0:500:armored_tank
noitems:0:500:0:500:0:500:tank
noitems:0:500:0:500:0:500:aircraft
noitems:0:300:0:300:0:300:frequency_scrambler